Testing `test/e2e/alcotest-lwt/failing/fail_with.ml'.
This run has ID `<uuid>'.

> [FAIL]    all › one
  [PASS]    all › two

┌──────────────────────────────────────────────────────────────────────────────┐
│ [FAIL]    all › one                                                          │
└──────────────────────────────────────────────────────────────────────────────┘
[failure] should fail
Logs saved to `<build-context>/_build/_tests/<test-dir>/all/one.output'.
 ──────────────────────────────────────────────────────────────────────────────

Full test results in `<build-context>/_build/_tests/<test-dir>'.
1 failure! in <test-duration>s. 2 tests run.
