Testing `test/e2e/alcotest/failing/bail.ml'.
This run has ID `<uuid>'.

  [PASS]    passing › a
> [FAIL]    failing › b

┌──────────────────────────────────────────────────────────────────────────────┐
│ [FAIL]    failing › b                                                        │
└──────────────────────────────────────────────────────────────────────────────┘
[failure] Expected failure
Logs saved to `<build-context>/_build/_tests/<test-dir>/failing/b.output'.
 ──────────────────────────────────────────────────────────────────────────────

Full test results in `<build-context>/_build/_tests/<test-dir>'.
1 failure! in <test-duration>s. 2 tests run.
