Testing `test/e2e/alcotest/failing/check_basic.ml'.
This run has ID `<uuid>'.

ASSERT bool
  [FAIL]    different basic › bool
ASSERT int
  [FAIL]    different basic › int
ASSERT int32
  [FAIL]    different basic › int32
ASSERT int64
  [FAIL]    different basic › int64
ASSERT float
  [FAIL]    different basic › float
ASSERT char
  [FAIL]    different basic › char
ASSERT string
  [FAIL]    different basic › string
ASSERT bytes
  [FAIL]    different basic › bytes
ASSERT list
  [FAIL]    different composite › list
ASSERT array
  [FAIL]    different composite › array
ASSERT option some
  [FAIL]    different composite › option some
ASSERT result
  [FAIL]    different composite › result
ASSERT pair
  [FAIL]    different composite › pair
ASSERT triple
  [FAIL]    different composite › triple

┌──────────────────────────────────────────────────────────────────────────────┐
│ [FAIL]    different basic › bool                                             │
└──────────────────────────────────────────────────────────────────────────────┘
FAIL bool

   Expected: `true'
   Received: `false'

 ──────────────────────────────────────────────────────────────────────────────


┌──────────────────────────────────────────────────────────────────────────────┐
│ [FAIL]    different basic › int                                              │
└──────────────────────────────────────────────────────────────────────────────┘
FAIL int

   Expected: `1'
   Received: `2'

 ──────────────────────────────────────────────────────────────────────────────


┌──────────────────────────────────────────────────────────────────────────────┐
│ [FAIL]    different basic › int32                                            │
└──────────────────────────────────────────────────────────────────────────────┘
FAIL int32

   Expected: `2147483647'
   Received: `-2147483648'

 ──────────────────────────────────────────────────────────────────────────────


┌──────────────────────────────────────────────────────────────────────────────┐
│ [FAIL]    different basic › int64                                            │
└──────────────────────────────────────────────────────────────────────────────┘
FAIL int64

   Expected: `9223372036854775807'
   Received: `-9223372036854775808'

 ──────────────────────────────────────────────────────────────────────────────


┌──────────────────────────────────────────────────────────────────────────────┐
│ [FAIL]    different basic › float                                            │
└──────────────────────────────────────────────────────────────────────────────┘
FAIL float

   Expected: `1'
   Received: `2'

 ──────────────────────────────────────────────────────────────────────────────


┌──────────────────────────────────────────────────────────────────────────────┐
│ [FAIL]    different basic › char                                             │
└──────────────────────────────────────────────────────────────────────────────┘
FAIL char

   Expected: `'a''
   Received: `'b''

 ──────────────────────────────────────────────────────────────────────────────


┌──────────────────────────────────────────────────────────────────────────────┐
│ [FAIL]    different basic › string                                           │
└──────────────────────────────────────────────────────────────────────────────┘
FAIL string

   Expected: `"Lorem ipsum"'
   Received: `"dolor sit amet."'

 ──────────────────────────────────────────────────────────────────────────────


┌──────────────────────────────────────────────────────────────────────────────┐
│ [FAIL]    different basic › bytes                                            │
└──────────────────────────────────────────────────────────────────────────────┘
FAIL bytes

   Expected: `"\001\002\003"'
   Received: `"\001\000\003"'

 ──────────────────────────────────────────────────────────────────────────────


┌──────────────────────────────────────────────────────────────────────────────┐
│ [FAIL]    different composite › list                                         │
└──────────────────────────────────────────────────────────────────────────────┘
FAIL list

   Expected: `['a'; 'b']'
   Received: `['a'; 'c']'

 ──────────────────────────────────────────────────────────────────────────────


┌──────────────────────────────────────────────────────────────────────────────┐
│ [FAIL]    different composite › array                                        │
└──────────────────────────────────────────────────────────────────────────────┘
FAIL array

   Expected: `[|0; 9223372036854775807|]'
   Received: `[|0; 1; 9223372036854775807|]'

 ──────────────────────────────────────────────────────────────────────────────


┌──────────────────────────────────────────────────────────────────────────────┐
│ [FAIL]    different composite › option some                                  │
└──────────────────────────────────────────────────────────────────────────────┘
FAIL option some

   Expected: `Some 1'
   Received: `Some 2'

 ──────────────────────────────────────────────────────────────────────────────


┌──────────────────────────────────────────────────────────────────────────────┐
│ [FAIL]    different composite › result                                       │
└──────────────────────────────────────────────────────────────────────────────┘
FAIL result

   Expected: `Ok 1'
   Received: `Error ()'

 ──────────────────────────────────────────────────────────────────────────────


┌──────────────────────────────────────────────────────────────────────────────┐
│ [FAIL]    different composite › pair                                         │
└──────────────────────────────────────────────────────────────────────────────┘
FAIL pair

   Expected: `(1, 'a')'
   Received: `(1, 'b')'

 ──────────────────────────────────────────────────────────────────────────────


┌──────────────────────────────────────────────────────────────────────────────┐
│ [FAIL]    different composite › triple                                       │
└──────────────────────────────────────────────────────────────────────────────┘
FAIL triple

   Expected: `(1, true, "a")'
   Received: `(1, false, "a")'

 ──────────────────────────────────────────────────────────────────────────────

14 failures! in <test-duration>s. 14 tests run.
