duplicate_test_names.exe: internal error, uncaught exception:
                          Alcotest_engine.Core.Registration_error("Duplicate test name: duped")
                          
