ERROR: Suite name cannot be "". Please pass a non-empty string to `run`.
