Invalid request (no tests to run, filter skipped everything)!
