Testing `test/e2e/alcotest/failing/tail_errors_limit.ml'.
This run has ID `<uuid>'.

> [FAIL]    failing › test

┌──────────────────────────────────────────────────────────────────────────────┐
│ [FAIL]    failing › test                                                     │
└──────────────────────────────────────────────────────────────────────────────┘
... (omitting 92 lines)
output line 93
output line 94
output line 95
output line 96
output line 97
output line 98
output line 99
output line 100
ASSERT Logs should be 10 lines long, including this line (omitting 92).
FAIL Logs should be 10 lines long, including this line (omitting 92).
Logs saved to `<build-context>/_build/_tests/<test-dir>/failing/test.output'.
 ──────────────────────────────────────────────────────────────────────────────

Full test results in `<build-context>/_build/_tests/<test-dir>'.
1 failure! in <test-duration>s. 1 test run.
