Usage: [01munknown_option.<ext>[m [[01m--help[m] [[04mCOMMAND[m] â€¦
unknown_option.<ext>: [31munknown[m option [01m--dry-runn[m
