Testing `test/e2e/alcotest/passing/assert_not_printed.ml'.
This run has ID `<uuid>'.

  [PASS]    alpha › 0
  [PASS]    alpha › 1
  [PASS]    beta › 2

Full test results in `<build-context>/_build/_tests/<test-dir>'.
Test Successful in <test-duration>s. 3 tests run.
