Testing `test/e2e/alcotest/passing/basic.ml'.
This run has ID `<uuid>'.

  [PASS]    test-a › First test case
  [PASS]    test-a › Second test case
  [PASS]    test-b › Third test case
  [PASS]    test-c › Fourth test case

Full test results in `<build-context>/_build/_tests/<test-dir>'.
Test Successful in <test-duration>s. 4 tests run.
