Testing `test/e2e/alcotest/passing/filter_name_regex.ml'.
This run has ID `<uuid>'.

  [PASS]    basic-run-a › Executed
  [PASS]    basic-run-a › Also executed
  [SKIP]    basic-run-b › Skipped
  [PASS]    basic-run-c › Executed
  [SKIP]    complex-run-a › Skipped

Full test results in `<build-context>/_build/_tests/<test-dir>'.
Test Successful in <test-duration>s. 3 tests run.
