test/e2e/alcotest/passing/list_tests.ml
├─ test-a
│  ├─ alpha  < speed_level = Quick; index = 0 >
│  └─ beta  < speed_level = Quick; index = 1 >
│  
└─ test-b
   └─ lorem ipsum dolor sit amet consectutor adipiscing elit  < speed_level = Quick; index = 0 >

