Testing `test/e2e/alcotest/passing/separator_testname.ml'.
This run has ID `<uuid>'.

  [PASS]    with/separator â€º First test case

Full test results in `<build-context>/_build/_tests/<test-dir>'.
Test Successful in <test-duration>s. 1 test run.
