Testing `Suite name containing file separators / and non-ASCII characters ðŸ”¥'.
This run has ID `<uuid>'.

  [PASS]    ðŸ”¥ â€º Non ASCII unicode character
  [PASS]    ðŸ”¥a-b â€º Non ASCII and ASCII characters

Full test results in `<build-context>/_build/_tests/<test-dir>'.
Test Successful in <test-duration>s. 2 tests run.
