Testing `test/e2e/alcotest/inside-dune/test_color.ml'.
This run has ID `<uuid>'.

  [PASS]    alpha › Output may or may not contain ANSII escape codes
  [PASS]    alpha › according to whether or not [--color] is set.
  [PASS]    alpha › (See the corresponding [dune] file.)

Full test results in `<build-context>/_build/_tests/<test-dir>'.
Test Successful in <test-duration>s. 3 tests run.
